../lib/bsp/HC-SR04/HCSR04.c:80:6:HCSR04_demo_state_machine	24	static
../lib/bsp/HC-SR04/HCSR04.c:153:19:HCSR04_add	40	static
../lib/bsp/HC-SR04/HCSR04.c:181:6:HCSR04_run_measure	16	static
../lib/bsp/HC-SR04/HCSR04.c:195:13:HCSR04_callback	32	static
../lib/bsp/HC-SR04/HCSR04.c:225:13:HCSR04_trig	32	static
../lib/bsp/HC-SR04/HCSR04.c:243:17:HCSR04_ReadTimerUs	8	static
../lib/bsp/HC-SR04/HCSR04.c:248:13:HCSR04_RunTimerUs	8	static
../lib/bsp/HC-SR04/HCSR04.c:256:6:HCSR04_process_main	16	static
../lib/bsp/HC-SR04/HCSR04.c:302:26:HCSR04_compute_distance	24	static
../lib/bsp/HC-SR04/HCSR04.c:360:19:HCSR04_get_value	24	static
