../lib/CMSIS/core/core_cm3.h:1511:22:__NVIC_EnableIRQ	16	static
../lib/bsp/stm32f1_rtc.c:17:17:DEMO_RTC_process_main	40	static
../lib/bsp/stm32f1_rtc.c:113:6:RTC_init	24	static
../lib/bsp/stm32f1_rtc.c:150:6:RTC_set_time_and_date	16	static
../lib/bsp/stm32f1_rtc.c:156:6:RTC_set_time	16	static
../lib/bsp/stm32f1_rtc.c:162:6:RTC_set_date	16	static
../lib/bsp/stm32f1_rtc.c:168:6:RTC_get_time_and_date	16	static
../lib/bsp/stm32f1_rtc.c:174:6:RTC_get_time	16	static
../lib/bsp/stm32f1_rtc.c:180:6:RTC_get_date	16	static
../lib/bsp/stm32f1_rtc.c:188:6:RTC_set_alarm	32	static
../lib/bsp/stm32f1_rtc.c:207:6:RTC_reset_alarm	8	static
../lib/bsp/stm32f1_rtc.c:212:6:RTC_IRQHandler	8	static
../lib/bsp/stm32f1_rtc.c:217:6:HAL_RTC_AlarmAEventCallback	16	static
../lib/bsp/stm32f1_rtc.c:223:6:RTC_get_alarm	16	static
../lib/bsp/stm32f1_rtc.c:234:6:RTC_set_time_acceleration	16	static
